################################################################################
#                                                                              #
#      IAR Universal Linker V6.5.1.95                                          #
#                                                                              #
#           Link time     =  30/May/2024  17:13:42                             #
#           Target CPU    =  MSP430                                            #
#           List file     =  "C:\Users\nvt05\Documents\Zalo Received Files\LCD #
#                             I2C\LCD I2C\Debug\List\LCD.map"                  #
#           Output file 1 =  "C:\Users\nvt05\Documents\Zalo Received Files\LCD #
#                             I2C\LCD I2C\Debug\Exe\LCD.d43"                   #
#                            Format: ubrof10                                   #
#                            UBROF version 10.0.6                              #
#                            Using library modules for C-SPY (-rt)             #
#           Command line  =  -f C:\Users\nvt05\AppData\Local\Temp\EW9F4B.tmp   #
#                            ("C:\Users\nvt05\Documents\Zalo Received Files\LC #
#                            D I2C\LCD I2C\Debug\Obj\delay.r43"                #
#                            "C:\Users\nvt05\Documents\Zalo Received Files\LCD #
#                             I2C\LCD I2C\Debug\Obj\i2c.r43"                   #
#                            "C:\Users\nvt05\Documents\Zalo Received Files\LCD #
#                             I2C\LCD I2C\Debug\Obj\i2c_lcd.r43"               #
#                            "C:\Users\nvt05\Documents\Zalo Received Files\LCD #
#                             I2C\LCD I2C\Debug\Obj\led.r43"                   #
#                            "C:\Users\nvt05\Documents\Zalo Received Files\LCD #
#                             I2C\LCD I2C\Debug\Obj\main.r43"                  #
#                            "C:\Users\nvt05\Documents\Zalo Received Files\LCD #
#                             I2C\LCD I2C\Debug\Obj\reley.r43"                 #
#                            "C:\Users\nvt05\Documents\Zalo Received Files\LCD #
#                             I2C\LCD I2C\Debug\Obj\sensor.r43"                #
#                            "C:\Users\nvt05\Documents\Zalo Received Files\LCD #
#                             I2C\LCD I2C\Debug\Obj\switches.r43"              #
#                            -o                                                #
#                            "C:\Users\nvt05\Documents\Zalo Received Files\LCD #
#                             I2C\LCD I2C\Debug\Exe\LCD.d43"                   #
#                            -l                                                #
#                            "C:\Users\nvt05\Documents\Zalo Received Files\LCD #
#                             I2C\LCD I2C\Debug\List\LCD.map"                  #
#                            -xms                                              #
#                            "-IC:\Program Files (x86)\IAR Systems\Embedded Wo #
#                            rkbench 8.0\430\LIB\"                             #
#                            -f                                                #
#                            "C:\Program Files (x86)\IAR Systems\Embedded Work #
#                            bench 8.0\430\config\linker\lnk430g2553.xcl"      #
#                            (-cmsp430 -QCODE_I=CODE_ID -QTLS16_I=TLS16_ID     #
#                            -Z(CONST)INFO=1000-10FF                           #
#                            -Z(CONST)INFOA=10C0-10FF                          #
#                            -Z(CONST)INFOB=1080-10BF                          #
#                            -Z(CONST)INFOC=1040-107F                          #
#                            -Z(CONST)INFOD=1000-103F                          #
#                            -Z(DATA)DATA16_I,DATA16_Z,DATA16_N,TLS16_I=0200-0 #
#                            3FF                                               #
#                            -Z(DATA)DATA16_HEAP+_DATA16_HEAP_SIZE             #
#                            -Z(DATA)CODE_I -Z(DATA)CSTACK+_STACK_SIZE#        #
#                            -Z(CONST)DATA16_C,DATA16_ID,TLS16_ID,DIFUNCT,CHEC #
#                            KSUM=C000-FFDD                                    #
#                            -Z(CODE)CSTART,ISR_CODE,CODE_ID=C000-FFDD         #
#                            -P(CODE)CODE=C000-FFDD                            #
#                            -Z(CONST)SIGNATURE=FFDE-FFDF                      #
#                            -Z(CODE)INTVEC=FFE0-FFFF                          #
#                            -Z(CODE)RESET=FFFE-FFFF) -D_STACK_SIZE=50 -rt     #
#                            "C:\Program Files (x86)\IAR Systems\Embedded Work #
#                            bench 8.0\430\lib\dlib\dl430fn.r43"               #
#                            -e_PrintfLarge=_Printf -e_ScanfLarge=_Scanf       #
#                            -D_DATA16_HEAP_SIZE=50 -s __program_start         #
#                            -D_DATA20_HEAP_SIZE=50)                           #
#                                                                              #
#                           Copyright (C) 1987-2016 IAR Systems AB.            #
################################################################################





                ****************************************
                *                                      *
                *           CROSS REFERENCE            *
                *                                      *
                ****************************************

       Program entry at :           C064  Relocatable, from module : ?cstart




                ****************************************
                *                                      *
                *            RUNTIME MODEL             *
                *                                      *
                ****************************************

  __Heap_Handler             = Basic
  __SystemLibrary            = DLib
  __core                     = 430
  __dlib_file_descriptor     = 0
  __dlib_full_locale_support = 0
  __double_size              = 32
  __pic                      = no
  __reg_r4                   = free
  __reg_r5                   = free
  __rt_version               = 3

                ****************************************
                *                                      *
                *    AUTOMATIC SYMBOL REDIRECTIONS     *
                *                                      *
                ****************************************

                  There are no automatic symbol redirections.



                ****************************************
                *                                      *
                *              MODULE MAP              *
                *                                      *
                ****************************************


  DEFINED ABSOLUTE ENTRIES
    *************************************************************************

  DEFINED ABSOLUTE ENTRIES
  PROGRAM MODULE, NAME : ?ABS_ENTRY_MOD

Absolute parts
           ENTRY                   ADDRESS         REF BY
           =====                   =======         ======
           _DATA20_HEAP_SIZE       0050 
           _DATA16_HEAP_SIZE       0050 
           _STACK_SIZE             0050 
    *************************************************************************

  FILE NAME : C:\Users\nvt05\Documents\Zalo Received Files\LCD I2C\LCD I2C\Debug\Obj\delay.r43
  PROGRAM MODULE, NAME : delay

  SEGMENTS IN THE MODULE
  ======================
<CODE> 1 (was CODE)
  Relative segment, address: CAD4 - CAEB (0x18 bytes), align: 1
  Segment part 2.
           ENTRY                   ADDRESS         REF BY
           =====                   =======         ======
           delay_us                CAD4            LCD_Clear (i2c_lcd)
                                                   LCD_Home (i2c_lcd)
                                                   LCD_Init (i2c_lcd)
                                                   pulseEnable (i2c_lcd)

    *************************************************************************

  FILE NAME : C:\Users\nvt05\Documents\Zalo Received Files\LCD I2C\LCD I2C\Debug\Obj\i2c.r43
  PROGRAM MODULE, NAME : i2c

  SEGMENTS IN THE MODULE
  ======================
DATA16_AN
  Relative segment, address: 0003 - 0003 (0x1 bytes), align: 0
  Segment part 1. ROOT        Intra module refs:   I2C_USCI_Write_Byte
           ENTRY                   ADDRESS         REF BY
           =====                   =======         ======
           IFG2                    0003 
    -------------------------------------------------------------------------
DATA16_AN
  Relative segment, address: 0026 - 0026 (0x1 bytes), align: 0
  Segment part 2. ROOT        Intra module refs:   I2C_USCI_Init
                                                   init_serial (main)
           ENTRY                   ADDRESS         REF BY
           =====                   =======         ======
           P1SEL                   0026 
    -------------------------------------------------------------------------
DATA16_AN
  Relative segment, address: 0041 - 0041 (0x1 bytes), align: 0
  Segment part 3. ROOT        Intra module refs:   I2C_USCI_Init
                                                   init_serial (main)
           ENTRY                   ADDRESS         REF BY
           =====                   =======         ======
           P1SEL2                  0041 
    -------------------------------------------------------------------------
DATA16_AN
  Relative segment, address: 0068 - 0068 (0x1 bytes), align: 0
  Segment part 4. ROOT        Intra module refs:   I2C_USCI_Init
           ENTRY                   ADDRESS         REF BY
           =====                   =======         ======
           UCB0CTL0                0068 
    -------------------------------------------------------------------------
DATA16_AN
  Relative segment, address: 0069 - 0069 (0x1 bytes), align: 0
  Segment part 5. ROOT        Intra module refs:   I2C_USCI_Init
                                                   I2C_USCI_Write_Byte
           ENTRY                   ADDRESS         REF BY
           =====                   =======         ======
           UCB0CTL1                0069 
    -------------------------------------------------------------------------
DATA16_AN
  Relative segment, address: 006A - 006A (0x1 bytes), align: 0
  Segment part 6. ROOT        Intra module refs:   I2C_USCI_Init
           ENTRY                   ADDRESS         REF BY
           =====                   =======         ======
           UCB0BR0                 006A 
    -------------------------------------------------------------------------
DATA16_AN
  Relative segment, address: 006B - 006B (0x1 bytes), align: 0
  Segment part 7. ROOT        Intra module refs:   I2C_USCI_Init
           ENTRY                   ADDRESS         REF BY
           =====                   =======         ======
           UCB0BR1                 006B 
    -------------------------------------------------------------------------
DATA16_AN
  Relative segment, address: 006D - 006D (0x1 bytes), align: 0
  Segment part 8. ROOT        Intra module refs:   I2C_USCI_Write_Byte
           ENTRY                   ADDRESS         REF BY
           =====                   =======         ======
           UCB0STAT                006D 
    -------------------------------------------------------------------------
DATA16_AN
  Relative segment, address: 006E - 006E (0x1 bytes), align: 0
  Segment part 9. ROOT 
           ENTRY                   ADDRESS         REF BY
           =====                   =======         ======
           UCB0RXBUF               006E 
    -------------------------------------------------------------------------
DATA16_AN
  Relative segment, address: 006F - 006F (0x1 bytes), align: 0
  Segment part 10. ROOT       Intra module refs:   I2C_USCI_Write_Byte
           ENTRY                   ADDRESS         REF BY
           =====                   =======         ======
           UCB0TXBUF               006F 
    -------------------------------------------------------------------------
DATA16_AN
  Relative segment, address: 011A - 011B (0x2 bytes), align: 0
  Segment part 11. ROOT       Intra module refs:   I2C_USCI_Init
           ENTRY                   ADDRESS         REF BY
           =====                   =======         ======
           UCB0I2CSA               011A 
    -------------------------------------------------------------------------
<CODE> 1 (was CODE)
  Relative segment, address: C93C - C96D (0x32 bytes), align: 1
  Segment part 13.
           ENTRY                   ADDRESS         REF BY
           =====                   =======         ======
           I2C_USCI_Init           C93C            LCD_Init (i2c_lcd)
    -------------------------------------------------------------------------
<CODE> 1 (was CODE)
  Relative segment, address: C6F2 - C747 (0x56 bytes), align: 1
  Segment part 15.
           ENTRY                   ADDRESS         REF BY
           =====                   =======         ======
           I2C_USCI_Write_Byte     C6F2            expanderWrite (i2c_lcd)

    *************************************************************************

  FILE NAME : C:\Users\nvt05\Documents\Zalo Received Files\LCD I2C\LCD I2C\Debug\Obj\i2c_lcd.r43
  PROGRAM MODULE, NAME : i2c_lcd

  SEGMENTS IN THE MODULE
  ======================
DATA16_Z
  Relative segment, address: 020C - 020C (0x1 bytes), align: 0
  Segment part 3.             Intra module refs:   LCD_Init
                                                   LCD_SetCursor
           ENTRY                   ADDRESS         REF BY
           =====                   =======         ======
           _rows                   020C 
    -------------------------------------------------------------------------
DATA16_Z
  Relative segment, address: 020D - 020D (0x1 bytes), align: 0
  Segment part 4.             Intra module refs:   LCD_Init
           ENTRY                   ADDRESS         REF BY
           =====                   =======         ======
           _cols                   020D 
    -------------------------------------------------------------------------
DATA16_Z
  Relative segment, address: 020E - 020E (0x1 bytes), align: 0
  Segment part 5.             Intra module refs:   LCD_Init
           ENTRY                   ADDRESS         REF BY
           =====                   =======         ======
           displayFunction         020E 
    -------------------------------------------------------------------------
DATA16_Z
  Relative segment, address: 020F - 020F (0x1 bytes), align: 0
  Segment part 6.             Intra module refs:   LCD_Init
                                                   LCD_displayOn
           ENTRY                   ADDRESS         REF BY
           =====                   =======         ======
           displayControl          020F 
    -------------------------------------------------------------------------
DATA16_Z
  Relative segment, address: 0210 - 0210 (0x1 bytes), align: 0
  Segment part 7.             Intra module refs:   LCD_Init
           ENTRY                   ADDRESS         REF BY
           =====                   =======         ======
           displayMode             0210 
    -------------------------------------------------------------------------
DATA16_Z
  Relative segment, address: 0211 - 0211 (0x1 bytes), align: 0
  Segment part 8.             Intra module refs:   LCD_Init
                                                   LCD_backlightOn
                                                   expanderWrite
           ENTRY                   ADDRESS         REF BY
           =====                   =======         ======
           backlightVal            0211 
    -------------------------------------------------------------------------
<CODE> 1 (was CODE)
  Relative segment, address: C57C - C60F (0x94 bytes), align: 1
  Segment part 17.
           ENTRY                   ADDRESS         REF BY
           =====                   =======         ======
           LCD_Init                C57C            welcome (main)
               calls direct
    -------------------------------------------------------------------------
<CODE> 1 (was CODE)
  Relative segment, address: CBB8 - CBC5 (0xe bytes), align: 1
  Segment part 15.            Intra module refs:   LCD_Init
           ENTRY                   ADDRESS         REF BY
           =====                   =======         ======
           LCD_Clear               CBB8            lcd_welcome (main)
                                                   main (main)
                                                   welcome (main)
               calls direct
    -------------------------------------------------------------------------
<CODE> 1 (was CODE)
  Relative segment, address: CBAA - CBB7 (0xe bytes), align: 1
  Segment part 14.            Intra module refs:   LCD_Init
           ENTRY                   ADDRESS         REF BY
           =====                   =======         ======
           LCD_Home                CBAA 
               calls direct
    -------------------------------------------------------------------------
<CODE> 1 (was CODE)
  Relative segment, address: CB9C - CBA9 (0xe bytes), align: 1
  Segment part 16.            Intra module refs:   LCD_Init
           ENTRY                   ADDRESS         REF BY
           =====                   =======         ======
           LCD_displayOn           CB9C 
               calls direct
    -------------------------------------------------------------------------
<CODE> 1 (was CODE)
  Relative segment, address: C8A0 - C8D5 (0x36 bytes), align: 1
  Segment part 19.
           ENTRY                   ADDRESS         REF BY
           =====                   =======         ======
           LCD_SetCursor           C8A0            lcd_show_num (main)
                                                   lcd_show_str (main)
               calls direct
    -------------------------------------------------------------------------
<CODE> 1 (was CODE)
  Relative segment, address: CBDC - CBE5 (0xa bytes), align: 1
  Segment part 30.
           ENTRY                   ADDRESS         REF BY
           =====                   =======         ======
           LCD_backlightOn         CBDC            welcome (main)
               calls direct
    -------------------------------------------------------------------------
<CODE> 1 (was CODE)
  Relative segment, address: CC18 - CC1D (0x6 bytes), align: 1
  Segment part 33.            Intra module refs:   LCD_Print
                                                   lcd_put_num
           ENTRY                   ADDRESS         REF BY
           =====                   =======         ======
           LCD_writeChar           CC18 
               calls direct
    -------------------------------------------------------------------------
<CODE> 1 (was CODE)
  Relative segment, address: C90A - C93B (0x32 bytes), align: 1
  Segment part 36.
           ENTRY                   ADDRESS         REF BY
           =====                   =======         ======
           LCD_Print               C90A            lcd_show_str (main)
               calls direct
    -------------------------------------------------------------------------
<CODE> 1 (was CODE)
  Relative segment, address: CC06 - CC0B (0x6 bytes), align: 1
  Segment part 13.            Intra module refs:   LCD_Clear
                                                   LCD_Home
                                                   LCD_Init
                                                   LCD_SetCursor
                                                   LCD_displayOn
           ENTRY                   ADDRESS         REF BY
           =====                   =======         ======
           command                 CC06 
               calls direct
    -------------------------------------------------------------------------
<CODE> 1 (was CODE)
  Relative segment, address: C998 - C9C1 (0x2a bytes), align: 1
  Segment part 12.            Intra module refs:   LCD_writeChar
                                                   command
           ENTRY                   ADDRESS         REF BY
           =====                   =======         ======
           send                    C998 
               calls direct
    -------------------------------------------------------------------------
<CODE> 1 (was CODE)
  Relative segment, address: CB02 - CB15 (0x14 bytes), align: 1
  Segment part 11.            Intra module refs:   LCD_Init
                                                   send
           ENTRY                   ADDRESS         REF BY
           =====                   =======         ======
           write4bits              CB02 
               calls direct
    -------------------------------------------------------------------------
<CODE> 1 (was CODE)
  Relative segment, address: C9C2 - C9E9 (0x28 bytes), align: 1
  Segment part 10.            Intra module refs:   write4bits
           ENTRY                   ADDRESS         REF BY
           =====                   =======         ======
           pulseEnable             C9C2 
               calls direct
    -------------------------------------------------------------------------
<CODE> 1 (was CODE)
  Relative segment, address: CB80 - CB8D (0xe bytes), align: 1
  Segment part 9.             Intra module refs:   LCD_Init
                                                   LCD_backlightOn
                                                   pulseEnable
                                                   write4bits
           ENTRY                   ADDRESS         REF BY
           =====                   =======         ======
           expanderWrite           CB80 
               calls direct
    -------------------------------------------------------------------------
<CODE> 1 (was CODE)
  Relative segment, address: C08C - C241 (0x1b6 bytes), align: 1
  Segment part 37.
           ENTRY                   ADDRESS         REF BY
           =====                   =======         ======
           lcd_put_num             C08C            lcd_show_num (main)
               calls direct
    -------------------------------------------------------------------------
DATA16_C
  Relative segment, address: C000 - C007 (0x8 bytes), align: 1
  Segment part 2.             Intra module refs:   LCD_SetCursor

    *************************************************************************

  FILE NAME : C:\Users\nvt05\Documents\Zalo Received Files\LCD I2C\LCD I2C\Debug\Obj\led.r43
  PROGRAM MODULE, NAME : led

  SEGMENTS IN THE MODULE
  ======================
DATA16_AN
  Relative segment, address: 0021 - 0021 (0x1 bytes), align: 0
  Segment part 1. ROOT        Intra module refs:   init_led
                                                   init_reley (reley)
                                                   turn_off_led
                                                   turn_off_reley (reley)
                                                   turn_on_led
                                                   turn_on_reley (reley)
           ENTRY                   ADDRESS         REF BY
           =====                   =======         ======
           P1OUT                   0021 
    -------------------------------------------------------------------------
DATA16_AN
  Relative segment, address: 0022 - 0022 (0x1 bytes), align: 0
  Segment part 2. ROOT        Intra module refs:   init_led
                                                   init_reley (reley)
           ENTRY                   ADDRESS         REF BY
           =====                   =======         ======
           P1DIR                   0022 
    -------------------------------------------------------------------------
DATA16_AN
  Relative segment, address: 0029 - 0029 (0x1 bytes), align: 0
  Segment part 3. ROOT        Intra module refs:   init_led
                                                   init_switch (switches)
                                                   turn_off_external_led
                                                   turn_on_external_led
           ENTRY                   ADDRESS         REF BY
           =====                   =======         ======
           P2OUT                   0029 
    -------------------------------------------------------------------------
DATA16_AN
  Relative segment, address: 002A - 002A (0x1 bytes), align: 0
  Segment part 4. ROOT        Intra module refs:   init_led
                                                   init_switch (switches)
           ENTRY                   ADDRESS         REF BY
           =====                   =======         ======
           P2DIR                   002A 
    -------------------------------------------------------------------------
<CODE> 1 (was CODE)
  Relative segment, address: CAEC - CB01 (0x16 bytes), align: 1
  Segment part 6.
           ENTRY                   ADDRESS         REF BY
           =====                   =======         ======
           init_led                CAEC            main (main)
    -------------------------------------------------------------------------
<CODE> 1 (was CODE)
  Relative segment, address: CC12 - CC17 (0x6 bytes), align: 1
  Segment part 7.
           ENTRY                   ADDRESS         REF BY
           =====                   =======         ======
           turn_on_led             CC12            handle_automate_water (main)
                                                   handle_manual_water (main)
    -------------------------------------------------------------------------
<CODE> 1 (was CODE)
  Relative segment, address: CC0C - CC11 (0x6 bytes), align: 1
  Segment part 8.
           ENTRY                   ADDRESS         REF BY
           =====                   =======         ======
           turn_off_led            CC0C            handle_automate_water (main)
                                                   handle_manual_water (main)
    -------------------------------------------------------------------------
<CODE> 1 (was CODE)
  Relative segment, address: CBE6 - CBED (0x8 bytes), align: 1
  Segment part 9.
           ENTRY                   ADDRESS         REF BY
           =====                   =======         ======
           turn_on_external_led    CBE6            handle_automate_water (main)
    -------------------------------------------------------------------------
<CODE> 1 (was CODE)
  Relative segment, address: CBFE - CC05 (0x8 bytes), align: 1
  Segment part 10.
           ENTRY                   ADDRESS         REF BY
           =====                   =======         ======
           turn_off_external_led   CBFE            handle_manual_water (main)

    *************************************************************************

  FILE NAME : C:\Users\nvt05\Documents\Zalo Received Files\LCD I2C\LCD I2C\Debug\Obj\main.r43
  PROGRAM MODULE, NAME : main

  SEGMENTS IN THE MODULE
  ======================
DATA16_AN
  Relative segment, address: 0001 - 0001 (0x1 bytes), align: 0
  Segment part 1. ROOT        Intra module refs:   init_serial
           ENTRY                   ADDRESS         REF BY
           =====                   =======         ======
           IE2                     0001 
    -------------------------------------------------------------------------
DATA16_AN
  Relative segment, address: 0056 - 0056 (0x1 bytes), align: 0
  Segment part 2. ROOT        Intra module refs:   main
           ENTRY                   ADDRESS         REF BY
           =====                   =======         ======
           DCOCTL                  0056 
    -------------------------------------------------------------------------
DATA16_AN
  Relative segment, address: 0057 - 0057 (0x1 bytes), align: 0
  Segment part 3. ROOT        Intra module refs:   main
           ENTRY                   ADDRESS         REF BY
           =====                   =======         ======
           BCSCTL1                 0057 
    -------------------------------------------------------------------------
DATA16_AN
  Relative segment, address: 002B - 002B (0x1 bytes), align: 0
  Segment part 6. ROOT        Intra module refs:   Port_2
                                                   init_switch (switches)
           ENTRY                   ADDRESS         REF BY
           =====                   =======         ======
           P2IFG                   002B 
    -------------------------------------------------------------------------
DATA16_AN
  Relative segment, address: 0061 - 0061 (0x1 bytes), align: 0
  Segment part 7. ROOT        Intra module refs:   init_serial
           ENTRY                   ADDRESS         REF BY
           =====                   =======         ======
           UCA0CTL1                0061 
    -------------------------------------------------------------------------
DATA16_AN
  Relative segment, address: 0062 - 0062 (0x1 bytes), align: 0
  Segment part 8. ROOT        Intra module refs:   init_serial
           ENTRY                   ADDRESS         REF BY
           =====                   =======         ======
           UCA0BR0                 0062 
    -------------------------------------------------------------------------
DATA16_AN
  Relative segment, address: 0063 - 0063 (0x1 bytes), align: 0
  Segment part 9. ROOT        Intra module refs:   init_serial
           ENTRY                   ADDRESS         REF BY
           =====                   =======         ======
           UCA0BR1                 0063 
    -------------------------------------------------------------------------
DATA16_AN
  Relative segment, address: 0064 - 0064 (0x1 bytes), align: 0
  Segment part 10. ROOT       Intra module refs:   init_serial
           ENTRY                   ADDRESS         REF BY
           =====                   =======         ======
           UCA0MCTL                0064 
    -------------------------------------------------------------------------
DATA16_AN
  Relative segment, address: 0120 - 0121 (0x2 bytes), align: 0
  Segment part 11. ROOT       Intra module refs:   main
           ENTRY                   ADDRESS         REF BY
           =====                   =======         ======
           WDTCTL                  0120 
    -------------------------------------------------------------------------
DATA16_AN
  Relative segment, address: 10FE - 10FE (0x1 bytes), align: 0
  Segment part 12. ROOT       Intra module refs:   main
           ENTRY                   ADDRESS         REF BY
           =====                   =======         ======
           CALDCO_1MHZ             10FE 
    -------------------------------------------------------------------------
DATA16_AN
  Relative segment, address: 10FF - 10FF (0x1 bytes), align: 0
  Segment part 13. ROOT       Intra module refs:   main
           ENTRY                   ADDRESS         REF BY
           =====                   =======         ======
           CALBC1_1MHZ             10FF 
    -------------------------------------------------------------------------
DATA16_Z
  Relative segment, address: 0208 - 0209 (0x2 bytes), align: 1
  Segment part 26.            Intra module refs:   main
           ENTRY                   ADDRESS         REF BY
           =====                   =======         ======
           SOIL_MOISTURE           0208 
    -------------------------------------------------------------------------
DATA16_I
  Relative segment, address: 0200 - 0201 (0x2 bytes), align: 1
  Segment part 27.            Intra module refs:   Port_2
                                                   main
           ENTRY                   ADDRESS         REF BY
           =====                   =======         ======
           MOISTURE_THRESHOLD      0200 
    -------------------------------------------------------------------------
DATA16_I
  Relative segment, address: 0202 - 0203 (0x2 bytes), align: 1
  Segment part 29.
           ENTRY                   ADDRESS         REF BY
           =====                   =======         ======
           MOISTURE_THRESHOLD_MIN
                                   0202            handle_click_sw_decrease_stop (switches)
    -------------------------------------------------------------------------
DATA16_I
  Relative segment, address: 0204 - 0205 (0x2 bytes), align: 1
  Segment part 31.
           ENTRY                   ADDRESS         REF BY
           =====                   =======         ======
           MOISTURE_THRESHOLD_MAX
                                   0204            handle_click_sw_increase_start (switches)
    -------------------------------------------------------------------------
DATA16_I
  Relative segment, address: 0206 - 0206 (0x1 bytes), align: 0
  Segment part 33.            Intra module refs:   Port_2
                                                   main
           ENTRY                   ADDRESS         REF BY
           =====                   =======         ======
           IS_AUTOMATE             0206 
    -------------------------------------------------------------------------
DATA16_Z
  Relative segment, address: 020A - 020B (0x2 bytes), align: 1
  Segment part 35.            Intra module refs:   Port_2
                                                   main
           ENTRY                   ADDRESS         REF BY
           =====                   =======         ======
           IS_ENABLE_MANUAL        020A 
    -------------------------------------------------------------------------
<CODE> 1 (was CODE)
  Relative segment, address: CB5E - CB6F (0x12 bytes), align: 1
  Segment part 36.            Intra module refs:   lcd_welcome
                                                   main
           ENTRY                   ADDRESS         REF BY
           =====                   =======         ======
           lcd_show_str            CB5E 
               calls direct
    -------------------------------------------------------------------------
<CODE> 1 (was CODE)
  Relative segment, address: CA7A - CA97 (0x1e bytes), align: 1
  Segment part 37.            Intra module refs:   main
           ENTRY                   ADDRESS         REF BY
           =====                   =======         ======
           lcd_show_num            CA7A 
               calls direct
    -------------------------------------------------------------------------
<CODE> 1 (was CODE)
  Relative segment, address: C8D6 - C909 (0x34 bytes), align: 1
  Segment part 38.            Intra module refs:   welcome
           ENTRY                   ADDRESS         REF BY
           =====                   =======         ======
           lcd_welcome             C8D6 
               calls direct
    -------------------------------------------------------------------------
<CODE> 1 (was CODE)
  Relative segment, address: C7E2 - C827 (0x46 bytes), align: 1
  Segment part 39.            Intra module refs:   main
           ENTRY                   ADDRESS         REF BY
           =====                   =======         ======
           welcome                 C7E2 
               calls direct
    -------------------------------------------------------------------------
<CODE> 1 (was CODE)
  Relative segment, address: C96E - C997 (0x2a bytes), align: 1
  Segment part 40.            Intra module refs:   main
           ENTRY                   ADDRESS         REF BY
           =====                   =======         ======
           init_serial             C96E 
    -------------------------------------------------------------------------
<CODE> 1 (was CODE)
  Relative segment, address: C9EA - CA11 (0x28 bytes), align: 1
  Segment part 41.            Intra module refs:   main
           ENTRY                   ADDRESS         REF BY
           =====                   =======         ======
           handle_automate_water   C9EA 
               calls direct
    -------------------------------------------------------------------------
<CODE> 1 (was CODE)
  Relative segment, address: CA38 - CA59 (0x22 bytes), align: 1
  Segment part 42.            Intra module refs:   main
           ENTRY                   ADDRESS         REF BY
           =====                   =======         ======
           handle_manual_water     CA38 
               calls direct
    -------------------------------------------------------------------------
<CODE> 1 (was CODE)
  Relative segment, address: C4D6 - C57B (0xa6 bytes), align: 1
  Segment part 43.
           ENTRY                   ADDRESS         REF BY
           =====                   =======         ======
           main                    C4D6            Segment part 19 (?cstart)
               calls direct
    -------------------------------------------------------------------------
<CODE> 1 (was CODE)
  Relative segment, address: C68E - C6F1 (0x64 bytes), align: 1
  Segment part 44.            Intra module refs:   Port_2::??INTVEC 6
           ENTRY                   ADDRESS         REF BY
           =====                   =======         ======
           Port_2                  C68E 
               interrupt function
               calls direct
    -------------------------------------------------------------------------
INTVEC
  Common segment, address: FFE0 - FFE7 (0x8 bytes), align: 1
  Segment part 14. ROOT 
           ENTRY                   ADDRESS         REF BY
           =====                   =======         ======
           Port_2::??INTVEC 6      FFE6 
    -------------------------------------------------------------------------
DATA16_ID
  Relative segment, address: C05C - C05D (0x2 bytes), align: 1
  Segment part 28.            Intra module refs:   MOISTURE_THRESHOLD
    -------------------------------------------------------------------------
DATA16_ID
  Relative segment, address: C05E - C05F (0x2 bytes), align: 1
  Segment part 30.            Intra module refs:   MOISTURE_THRESHOLD_MIN
    -------------------------------------------------------------------------
DATA16_ID
  Relative segment, address: C060 - C061 (0x2 bytes), align: 1
  Segment part 32.            Intra module refs:   MOISTURE_THRESHOLD_MAX
    -------------------------------------------------------------------------
DATA16_ID
  Relative segment, address: C062 - C062 (0x1 bytes), align: 0
  Segment part 34.            Intra module refs:   IS_AUTOMATE
    -------------------------------------------------------------------------
DATA16_C
  Relative segment, address: C008 - C00F (0x8 bytes), align: 0
  Segment part 16.            Intra module refs:   welcome
    -------------------------------------------------------------------------
DATA16_C
  Relative segment, address: C010 - C01B (0xc bytes), align: 0
  Segment part 17.            Intra module refs:   welcome
    -------------------------------------------------------------------------
DATA16_C
  Relative segment, address: C01C - C023 (0x8 bytes), align: 0
  Segment part 18.            Intra module refs:   welcome
    -------------------------------------------------------------------------
DATA16_C
  Relative segment, address: C024 - C032 (0xf bytes), align: 0
  Segment part 19.            Intra module refs:   welcome
    -------------------------------------------------------------------------
DATA16_C
  Relative segment, address: C033 - C039 (0x7 bytes), align: 0
  Segment part 20.            Intra module refs:   welcome
    -------------------------------------------------------------------------
DATA16_C
  Relative segment, address: C03A - C045 (0xc bytes), align: 0
  Segment part 21.            Intra module refs:   welcome
    -------------------------------------------------------------------------
DATA16_C
  Relative segment, address: C046 - C04A (0x5 bytes), align: 0
  Segment part 22.            Intra module refs:   welcome
    -------------------------------------------------------------------------
DATA16_C
  Relative segment, address: C04B - C057 (0xd bytes), align: 0
  Segment part 23.            Intra module refs:   welcome
    -------------------------------------------------------------------------
DATA16_C
  Relative segment, address: C058 - C059 (0x2 bytes), align: 0
  Segment part 24.            Intra module refs:   main
    -------------------------------------------------------------------------
DATA16_C
  Relative segment, address: C05A - C05B (0x2 bytes), align: 0
  Segment part 25.            Intra module refs:   main

    *************************************************************************

  FILE NAME : C:\Users\nvt05\Documents\Zalo Received Files\LCD I2C\LCD I2C\Debug\Obj\reley.r43
  PROGRAM MODULE, NAME : reley

  SEGMENTS IN THE MODULE
  ======================
<CODE> 1 (was CODE)
  Relative segment, address: CB8E - CB9B (0xe bytes), align: 1
  Segment part 4.
           ENTRY                   ADDRESS         REF BY
           =====                   =======         ======
           init_reley              CB8E            main (main)
    -------------------------------------------------------------------------
<CODE> 1 (was CODE)
  Relative segment, address: CBF6 - CBFD (0x8 bytes), align: 1
  Segment part 5.
           ENTRY                   ADDRESS         REF BY
           =====                   =======         ======
           turn_on_reley           CBF6            handle_automate_water (main)
                                                   handle_manual_water (main)
    -------------------------------------------------------------------------
<CODE> 1 (was CODE)
  Relative segment, address: CBEE - CBF5 (0x8 bytes), align: 1
  Segment part 6.
           ENTRY                   ADDRESS         REF BY
           =====                   =======         ======
           turn_off_reley          CBEE            handle_automate_water (main)
                                                   handle_manual_water (main)

    *************************************************************************

  FILE NAME : C:\Users\nvt05\Documents\Zalo Received Files\LCD I2C\LCD I2C\Debug\Obj\sensor.r43
  PROGRAM MODULE, NAME : sensor

  SEGMENTS IN THE MODULE
  ======================
DATA16_AN
  Relative segment, address: 004A - 004A (0x1 bytes), align: 0
  Segment part 1. ROOT        Intra module refs:   init_sensor
           ENTRY                   ADDRESS         REF BY
           =====                   =======         ======
           ADC10AE0                004A 
    -------------------------------------------------------------------------
DATA16_AN
  Relative segment, address: 01B0 - 01B1 (0x2 bytes), align: 0
  Segment part 2. ROOT        Intra module refs:   get_soil_moisture
                                                   init_sensor
           ENTRY                   ADDRESS         REF BY
           =====                   =======         ======
           ADC10CTL0               01B0 
    -------------------------------------------------------------------------
DATA16_AN
  Relative segment, address: 01B2 - 01B3 (0x2 bytes), align: 0
  Segment part 3. ROOT        Intra module refs:   init_sensor
           ENTRY                   ADDRESS         REF BY
           =====                   =======         ======
           ADC10CTL1               01B2 
    -------------------------------------------------------------------------
DATA16_AN
  Relative segment, address: 01B4 - 01B5 (0x2 bytes), align: 0
  Segment part 4. ROOT        Intra module refs:   get_soil_moisture
           ENTRY                   ADDRESS         REF BY
           =====                   =======         ======
           ADC10MEM                01B4 
    -------------------------------------------------------------------------
<CODE> 1 (was CODE)
  Relative segment, address: CAB6 - CAD3 (0x1e bytes), align: 1
  Segment part 6.
           ENTRY                   ADDRESS         REF BY
           =====                   =======         ======
           init_sensor             CAB6            main (main)
    -------------------------------------------------------------------------
<CODE> 1 (was CODE)
  Relative segment, address: C748 - C795 (0x4e bytes), align: 1
  Segment part 7.
           ENTRY                   ADDRESS         REF BY
           =====                   =======         ======
           get_soil_moisture       C748            main (main)
               calls direct

    *************************************************************************

  FILE NAME : C:\Users\nvt05\Documents\Zalo Received Files\LCD I2C\LCD I2C\Debug\Obj\switches.r43
  PROGRAM MODULE, NAME : switches

  SEGMENTS IN THE MODULE
  ======================
DATA16_AN
  Relative segment, address: 002C - 002C (0x1 bytes), align: 0
  Segment part 4. ROOT        Intra module refs:   init_switch
           ENTRY                   ADDRESS         REF BY
           =====                   =======         ======
           P2IES                   002C 
    -------------------------------------------------------------------------
DATA16_AN
  Relative segment, address: 002D - 002D (0x1 bytes), align: 0
  Segment part 5. ROOT        Intra module refs:   init_switch
           ENTRY                   ADDRESS         REF BY
           =====                   =======         ======
           P2IE                    002D 
    -------------------------------------------------------------------------
DATA16_AN
  Relative segment, address: 002F - 002F (0x1 bytes), align: 0
  Segment part 6. ROOT        Intra module refs:   init_switch
           ENTRY                   ADDRESS         REF BY
           =====                   =======         ======
           P2REN                   002F 
    -------------------------------------------------------------------------
<CODE> 1 (was CODE)
  Relative segment, address: CA12 - CA37 (0x26 bytes), align: 1
  Segment part 8.
           ENTRY                   ADDRESS         REF BY
           =====                   =======         ======
           init_switch             CA12            main (main)
    -------------------------------------------------------------------------
<CODE> 1 (was CODE)
  Relative segment, address: CA5A - CA79 (0x20 bytes), align: 1
  Segment part 9.
           ENTRY                   ADDRESS         REF BY
           =====                   =======         ======
           handle_click_sw_increase_start
                                   CA5A            Port_2 (main)
    -------------------------------------------------------------------------
<CODE> 1 (was CODE)
  Relative segment, address: CA98 - CAB5 (0x1e bytes), align: 1
  Segment part 10.
           ENTRY                   ADDRESS         REF BY
           =====                   =======         ======
           handle_click_sw_decrease_stop
                                   CA98            Port_2 (main)
    -------------------------------------------------------------------------
<CODE> 1 (was CODE)
  Relative segment, address: CBD2 - CBDB (0xa bytes), align: 1
  Segment part 11.
           ENTRY                   ADDRESS         REF BY
           =====                   =======         ======
           handle_change_mode      CBD2            Port_2 (main)

    *************************************************************************

  FILE NAME : C:\Program Files (x86)\IAR Systems\Embedded Workbench 8.0\430\lib\dlib\dl430fn.r43
  LIBRARY MODULE, NAME : ?__dbg_break

  SEGMENTS IN THE MODULE
  ======================
<CODE> 1 (was CODE)
  Relative segment, address: CC2A - CC2B (0x2 bytes), align: 1
  Segment part 2.
           ENTRY                   ADDRESS         REF BY
           =====                   =======         ======
           __DebugBreak            CC2A            __exit (?__exit)

    -------------------------------------------------------------------------
  LIBRARY MODULE, NAME : ?__exit

  SEGMENTS IN THE MODULE
  ======================
<CODE> 1 (was CODE)
  Relative segment, address: CB28 - CB39 (0x12 bytes), align: 1
  Segment part 2.
           ENTRY                   ADDRESS         REF BY
           =====                   =======         ======
           __exit                  CB28            Segment part 6 (?_exit)
                                                   _exit (?_exit)
               calls direct

    -------------------------------------------------------------------------
  LIBRARY MODULE, NAME : ?_exit

  SEGMENTS IN THE MODULE
  ======================
<CODE> 1 (was CODE)
  Relative segment, address: CC1E, align: 1
  Segment part 0.
           ENTRY                   ADDRESS         REF BY
           =====                   =======         ======
           _exit                   CC1E            exit (?exit)
    -------------------------------------------------------------------------
<CODE> 1 (was CODE)
  Relative segment, address: CC1E - CC21 (0x4 bytes), align: 1
  Segment part 6.             Intra module refs:   _exit

    -------------------------------------------------------------------------
  LIBRARY MODULE, NAME : ?cstart

  SEGMENTS IN THE MODULE
  ======================
CSTACK
  Relative segment, address: 03B0, align: 1
  Segment part 1.
    -------------------------------------------------------------------------
DATA16_Z
  Relative segment, address: 020C, align: 1
  Segment part 2.
    -------------------------------------------------------------------------
DATA16_I
  Relative segment, address: 0206, align: 1
  Segment part 3.
    -------------------------------------------------------------------------
DATA16_ID
  Relative segment, address: C062, align: 1
  Segment part 4.
    -------------------------------------------------------------------------
CSTART
  Relative segment, address: C064 - C067 (0x4 bytes), align: 1
  Segment part 9.
           ENTRY                   ADDRESS         REF BY
           =====                   =======         ======
           __program_start         C064            ?reset_vector (?reset_vector)
                                                   Absolute parts (?ABS_ENTRY_MOD)
           ?cstart_begin           C064 
    -------------------------------------------------------------------------
CSTART
  Relative segment, address: C068 - C073 (0xc bytes), align: 1
  Segment part 14.
           ENTRY                   ADDRESS         REF BY
           =====                   =======         ======
           ?cstart_init_zero       C068            IS_ENABLE_MANUAL (main)
                                                   SOIL_MOISTURE (main)
                                                   _cols (i2c_lcd)
                                                   _rows (i2c_lcd)
                                                   backlightVal (i2c_lcd)
                                                   displayControl (i2c_lcd)
                                                   displayFunction (i2c_lcd)
                                                   displayMode (i2c_lcd)
    -------------------------------------------------------------------------
CSTART
  Relative segment, address: C074 - C083 (0x10 bytes), align: 1
  Segment part 15.
           ENTRY                   ADDRESS         REF BY
           =====                   =======         ======
           ?cstart_init_copy       C074            IS_AUTOMATE (main)
                                                   MOISTURE_THRESHOLD (main)
                                                   MOISTURE_THRESHOLD_MAX (main)
                                                   MOISTURE_THRESHOLD_MIN (main)
    -------------------------------------------------------------------------
CSTART
  Relative segment, address: C084 - C08B (0x8 bytes), align: 1
  Segment part 19.            Intra module refs:   Segment part 9
           ENTRY                   ADDRESS         REF BY
           =====                   =======         ======
           ?cstart_call_main       C084 
           ?cstart_end             C08C 

    -------------------------------------------------------------------------
  LIBRARY MODULE, NAME : ?reset_vector

  SEGMENTS IN THE MODULE
  ======================
RESET
  Relative segment, address: FFFE - FFFF (0x2 bytes), align: 1
  Segment part 0.
           ENTRY                   ADDRESS         REF BY
           =====                   =======         ======
           ?reset_vector           FFFE            Segment part 9 (?cstart)

    -------------------------------------------------------------------------
  LIBRARY MODULE, NAME : ?Epilogue

  SEGMENTS IN THE MODULE
  ======================
<CODE> 1 (was CODE)
  Relative segment, address: CB3A - CB3B (0x2 bytes), align: 1
  Segment part 0.
           ENTRY                   ADDRESS         REF BY
           =====                   =======         ======
           ?Epilogue8              CB3A            lcd_put_num (i2c_lcd)
    -------------------------------------------------------------------------
<CODE> 1 (was CODE)
  Relative segment, address: CB3C - CB3D (0x2 bytes), align: 1
  Segment part 1.             Intra module refs:   ?Epilogue8
           ENTRY                   ADDRESS         REF BY
           =====                   =======         ======
           ?Epilogue7              CB3C 
    -------------------------------------------------------------------------
<CODE> 1 (was CODE)
  Relative segment, address: CB3E - CB3F (0x2 bytes), align: 1
  Segment part 2.             Intra module refs:   ?Epilogue7
           ENTRY                   ADDRESS         REF BY
           =====                   =======         ======
           ?Epilogue6              CB3E 
    -------------------------------------------------------------------------
<CODE> 1 (was CODE)
  Relative segment, address: CB40 - CB41 (0x2 bytes), align: 1
  Segment part 3.             Intra module refs:   ?Epilogue6
           ENTRY                   ADDRESS         REF BY
           =====                   =======         ======
           ?Epilogue5              CB40 
    -------------------------------------------------------------------------
<CODE> 1 (was CODE)
  Relative segment, address: CB42 - CB43 (0x2 bytes), align: 1
  Segment part 4.             Intra module refs:   ?Epilogue5
           ENTRY                   ADDRESS         REF BY
           =====                   =======         ======
           ?Epilogue4              CB42 
    -------------------------------------------------------------------------
<CODE> 1 (was CODE)
  Relative segment, address: CB44 - CB4B (0x8 bytes), align: 1
  Segment part 5.             Intra module refs:   ?Epilogue4
           ENTRY                   ADDRESS         REF BY
           =====                   =======         ======
           ?Epilogue3              CB44            LCD_Print (i2c_lcd)

    -------------------------------------------------------------------------
  LIBRARY MODULE, NAME : ?exit

  SEGMENTS IN THE MODULE
  ======================
<CODE> 1 (was CODE)
  Relative segment, address: CC26 - CC29 (0x4 bytes), align: 1
  Segment part 2.
           ENTRY                   ADDRESS         REF BY
           =====                   =======         ======
           exit                    CC26            Segment part 19 (?cstart)
               calls direct

    -------------------------------------------------------------------------
  LIBRARY MODULE, NAME : ?Cast32f32i

  SEGMENTS IN THE MODULE
  ======================
<CODE> 1 (was CODE)
  Relative segment, address: C610 - C68D (0x7e bytes), align: 1
  Segment part 1.
           ENTRY                   ADDRESS         REF BY
           =====                   =======         ======
           _Cast32uto32f           C610            get_soil_moisture (sensor)

    -------------------------------------------------------------------------
  LIBRARY MODULE, NAME : _Cast32fto32u

  SEGMENTS IN THE MODULE
  ======================
<CODE> 1 (was CODE)
  Relative segment, address: CBC6 - CBD1 (0xc bytes), align: 1
  Segment part 0.
           ENTRY                   ADDRESS         REF BY
           =====                   =======         ======
           _Cast32fto32u           CBC6            get_soil_moisture (sensor)

    -------------------------------------------------------------------------
  LIBRARY MODULE, NAME : ?FLT_Extract

  SEGMENTS IN THE MODULE
  ======================
<CODE> 1 (was CODE)
  Relative segment, address: C796 - C7E1 (0x4c bytes), align: 1
  Segment part 0.
           ENTRY                   ADDRESS         REF BY
           =====                   =======         ======
           ?FLT_Extract            C796            _Cast32fto32u (_Cast32fto32u)

    -------------------------------------------------------------------------
  LIBRARY MODULE, NAME : _Div32f

  SEGMENTS IN THE MODULE
  ======================
<CODE> 1 (was CODE)
  Relative segment, address: C3A6 - C4D5 (0x130 bytes), align: 1
  Segment part 0.
           ENTRY                   ADDRESS         REF BY
           =====                   =======         ======
           _Div32f                 C3A6            get_soil_moisture (sensor)

    -------------------------------------------------------------------------
  LIBRARY MODULE, NAME : _Add32f

  SEGMENTS IN THE MODULE
  ======================
<CODE> 1 (was CODE)
  Relative segment, address: C242 - C245 (0x4 bytes), align: 1
  Segment part 0.
           ENTRY                   ADDRESS         REF BY
           =====                   =======         ======
           _Sub32f                 C242            get_soil_moisture (sensor)
    -------------------------------------------------------------------------
<CODE> 1 (was CODE)
  Relative segment, address: C246 - C3A5 (0x160 bytes), align: 1
  Segment part 1.             Intra module refs:   _Sub32f
           ENTRY                   ADDRESS         REF BY
           =====                   =======         ======
           _Add32f                 C246 

    -------------------------------------------------------------------------
  LIBRARY MODULE, NAME : ?DivMod32u

  SEGMENTS IN THE MODULE
  ======================
<CODE> 1 (was CODE)
  Relative segment, address: C868 - C89F (0x38 bytes), align: 1
  Segment part 0.
           ENTRY                   ADDRESS         REF BY
           =====                   =======         ======
           ?DivMod32u              C868            ?DivMod32s (?DivMod32s)
                                                   lcd_put_num (i2c_lcd)

    -------------------------------------------------------------------------
  LIBRARY MODULE, NAME : ?DivMod32s

  SEGMENTS IN THE MODULE
  ======================
<CODE> 1 (was CODE)
  Relative segment, address: C828 - C867 (0x40 bytes), align: 1
  Segment part 0.
           ENTRY                   ADDRESS         REF BY
           =====                   =======         ======
           ?DivMod32s              C828            lcd_put_num (i2c_lcd)

    -------------------------------------------------------------------------
  LIBRARY MODULE, NAME : ?memcpy

  SEGMENTS IN THE MODULE
  ======================
<CODE> 1 (was CODE)
  Relative segment, address: CB4C - CB5D (0x12 bytes), align: 1
  Segment part 2.
           ENTRY                   ADDRESS         REF BY
           =====                   =======         ======
           memcpy                  CB4C            __data16_memcpy (?memzero)

    -------------------------------------------------------------------------
  LIBRARY MODULE, NAME : ?memzero

  SEGMENTS IN THE MODULE
  ======================
<CODE> 1 (was CODE)
  Relative segment, address: CB70 - CB7F (0x10 bytes), align: 1
  Segment part 2.
           ENTRY                   ADDRESS         REF BY
           =====                   =======         ======
           __data16_memzero        CB70            ?cstart_init_zero (?cstart)
    -------------------------------------------------------------------------
<CODE> 1 (was CODE)
  Relative segment, address: CC22 - CC25 (0x4 bytes), align: 1
  Segment part 3.
           ENTRY                   ADDRESS         REF BY
           =====                   =======         ======
           __data16_memcpy         CC22            ?cstart_init_copy (?cstart)
               calls direct

    -------------------------------------------------------------------------
  LIBRARY MODULE, NAME : ?strlen

  SEGMENTS IN THE MODULE
  ======================
<CODE> 1 (was CODE)
  Relative segment, address: CB16 - CB27 (0x12 bytes), align: 1
  Segment part 2.
           ENTRY                   ADDRESS         REF BY
           =====                   =======         ======
           strlen                  CB16            LCD_Print (i2c_lcd)




                ****************************************
                *                                      *
                *      SEGMENTS IN ADDRESS ORDER       *
                *                                      *
                ****************************************


SEGMENT              SPACE    START ADDRESS   END ADDRESS     SIZE  TYPE  ALIGN
=======              =====    =============   ===========     ====  ====  =====
DATA16_AN                              0001 - 0001               1   rel    0
                                       0003 - 0003               1 
                                       0021 - 0022               2 
                                       0026 - 0026               1 
                                       0029 - 002D               5 
                                       002F - 002F               1 
                                       0041 - 0041               1 
                                       004A - 004A               1 
                                       0056 - 0057               2 
                                       0061 - 0064               4 
                                       0068 - 006B               4 
                                       006D - 006F               3 
                                       011A - 011B               2 
                                       0120 - 0121               2 
                                       01B0 - 01B5               6 
DATA16_I                               0200 - 0206               7   rel    1
DATA16_Z                               0208 - 0211               A   rel    1
CSTACK                                 03B0 - 03FF              50   rel    1
DATA16_AN                              10FE - 10FF               2   rel    0
DATA16_C                               C000 - C05B              5C   rel    1
DATA16_ID                              C05C - C062               7   rel    1
CSTART                                 C064 - C08B              28   rel    1
<CODE> 1                               C08C - CC2B             BA0   rel    1
INTVEC                                 FFE0 - FFE7               8   com    1
RESET                                  FFFE - FFFF               2   rel    1

                ****************************************
                *                                      *
                *        END OF CROSS REFERENCE        *
                *                                      *
                ****************************************

 3 026 bytes of CODE  memory
    97 bytes of DATA  memory (+ 38 absolute )
    99 bytes of CONST memory

Errors: none
Warnings: none

